30c30
< ERROR (Wrong Password)
---
> ERROR (Wrong password)
34c34
< ERROR (Wrong Password)
---
> ERROR (Wrong password)
44c44
< ERROR (Wrong password)
---
> ERROR (Wrong password)
48c48
< ERROR (Wrong password)
---
> ERROR (Wrong password)
53c53
< ERROR (Wrong Password)
---
> ERROR (Wrong password)
57c57
< ERROR (Wrong Password)
---
> ERROR (Wrong password)
