18c18
< OK
---
> OK
23c23
< OK
---
> OK
28c28
< DENIED
---
> ERROR (No room)
32c32
< DENIED
---
> ERROR (Wrong password)
36c36
< OK
---
> OK
40c40
< DENIED
---
> ERROR (Wrong password)
44c44
< OK
---
> OK
49c49
< DENIED
---
> ERROR (Wrong password)
52a53
> 
57c58
< DENIED
---
> OK
62c63
< DENIED
---
> ERROR (Wrong password)
67c68
< DENIED
---
> ERROR (user not in room)
71c72
< DENIED
---
> ERROR (Wrong password)
76c77
< DENIED
---
> ERROR (user not in room)
80c81
< DENIED
---
> ERROR (Wrong password)
84a86
> ERROR (User not in room)
88a91
> ERROR (User not in room)
92a96
> NO-NEW-MESSAGES
96c100
< OK
---
> OK
100a105
> ERROR (User not in room)
