28c28
< DENIED
---
> ERROR (No room)
49,50c49
< ERROR (Wrong Password)
< 
---
> ERROR (Wrong password)
59c58
< DENIED
---
> OK
64,65c63
< ERROR (Wrong Password)
< 
---
> ERROR (Wrong password)
70c68
< DENIED
---
> ERROR (user not in room)
75d72
< DENIED
80c77
< DENIED
---
> ERROR (user not in room)
85d81
< DENIED
90c86
< 
---
> ERROR (User not in room)
95c91
< 
---
> ERROR (User not in room)
100c96
< 
---
> NO-NEW-MESSAGES
109c105
< 
---
> ERROR (User not in room)
