30c30
< ERROR (Wrong Password)
---
> ERROR (Wrong password)
34c34
< ERROR (Wrong Password)
---
> ERROR (Wrong password)
53c53
< ERROR (Wrong Password)
---
> ERROR (Wrong password)
57c57
< ERROR (Wrong Password)
---
> ERROR (Wrong password)
80c80
< ERROR (Wrong password)
---
> ERROR (Wrong password)
84c84
< ERROR (Wrong password)
---
> ERROR (Wrong password)
