28c28
< DENIED
---
> ERROR (No room)
32c32
< DENIED
---
> ERROR (Wrong password)
40c40
< DENIED
---
> ERROR (Wrong password)
49,50c49
< ERROR (Wrong Password)
< 
---
> ERROR (Wrong password)
59c58
< DENIED
---
> OK
64,65c63
< ERROR (Wrong Password)
< 
---
> ERROR (Wrong password)
70c68
< DENIED
---
> ERROR (user not in room)
74c72
< DENIED
---
> ERROR (Wrong password)
79c77
< DENIED
---
> ERROR (user not in room)
83c81
< DENIED
---
> ERROR (Wrong password)
88c86
< 
---
> ERROR (User not in room)
93c91
< 
---
> ERROR (User not in room)
98c96
< 
---
> NO-NEW-MESSAGES
107c105
< 
---
> ERROR (User not in room)
