30,38c30
< aquaman
< aquaman
< mary
< mary
< spiderman
< spiderman
< superman
< superman
< 
---
> ERROR (Wrong password)
42,43c34
< ERROR (Wrong Password)
< 
---
> ERROR (Wrong password)
53c44
< OK
---
> ERROR (Wrong password)
57c48
< ERROR (Wrongpassword)
---
> ERROR (Wrong password)
62,63c53
< superman
< 
---
> ERROR (Wrong password)
67,68c57
< ERROR (Wrong Password)
< 
---
> ERROR (Wrong password)
73c62
< OK
---
> ERROR (Wrong password)
77,78c66
< ERROR (Wrongpassword)
< DENIED
---
> ERROR (Wrong password)
83c71
< DENIED
---
> ERROR (Wrong password)
87,88c75
< ERROR (Wrongpassword)
< DENIED
---
> ERROR (Wrong password)
93c80
< DENIED
---
> ERROR (Wrong password)
97,98c84
< ERROR (Wrongpassword)
< DENIED
---
> ERROR (Wrong password)
